[16:21:00.768] [DEBUG] Command "yarn.cmd" not found, trying next variation...
[16:21:00.823] [DEBUG] Command "yarn.exe" not found, trying next variation...
[16:21:00.882] [DEBUG] Command "yarn.ps1" not found, trying next variation...
[16:21:00.992] [DEBUG] Command "pnpm.cmd" not found, trying next variation...
[16:21:01.046] [DEBUG] Command "pnpm.exe" not found, trying next variation...
[16:21:01.099] [DEBUG] Command "pnpm.ps1" not found, trying next variation...
[16:21:01.517] [INFO] [36mInitializing Storybook[39m
[16:21:01.578] [DEBUG] Command "yarn.cmd" not found, trying next variation...
[16:21:01.632] [DEBUG] Command "yarn.exe" not found, trying next variation...
[16:21:01.690] [DEBUG] Command "yarn.ps1" not found, trying next variation...
[16:21:01.824] [DEBUG] Command "pnpm.cmd" not found, trying next variation...
[16:21:01.879] [DEBUG] Command "pnpm.exe" not found, trying next variation...
[16:21:01.932] [DEBUG] Command "pnpm.ps1" not found, trying next variation...
[16:21:02.355] [DEBUG] Getting package.json info for C:/Users/BJIT/Documents/GitHub/Shintesu Component/package.json...
[16:21:02.355] [INFO] Package manager: npm
[16:21:02.358] [DEBUG] Getting CLI versions from NPM for storybook...
[16:21:02.358] [DEBUG] Executing command: npm info storybook version
[16:21:02.359] [DEBUG] Resolved command variation: npm.cmd
[16:21:04.109] [INFO] Adding Storybook version 10.5.5 to your project
[16:21:04.110] [DEBUG] Executing command: npm config get min-release-age --workspaces=false --include-workspace-root
[16:21:04.111] [DEBUG] Resolved command variation: npm.cmd
[16:21:04.516] [DEBUG] Using cached package.json for C:\Users\BJIT\Documents\GitHub\Shintesu Component\package.json...
[16:21:04.517] [ERROR] Unable to initialize Storybook in this directory.

Storybook couldn't detect a supported framework or configuration for your project. Make sure you're inside a framework project (e.g., React, Vue, Svelte, Angular, Next.js) and that its dependencies are installed.

Tips:
- Run init in an empty directory or create a new framework app first.
- If this directory contains unrelated files, try a new directory for Storybook.
[16:23:00.391] [PROMPT] Would you like to send anonymous crash reports to improve Storybook and fix bugs faster? {"choice":true}
[16:23:00.393] [INFO] Storybook collects completely anonymous usage telemetry. We use it to shape Storybook's roadmap and prioritize features. You can learn more, including how to opt out, at https://storybook.js.org/telemetry